// Jest Snapshot v1, https://goo.gl/fbAQLP

exports[`tweet render matches snapshot 1`] = `
<div
  className="twitter-app "
>
  <div
    className="sub-profile-contain "
  />
  <div
    className="profile-contain visible"
    onClick={[Function]}
  >
    <div
      className="user-banner "
      style={
        Object {
          "background": "url(https://pbs.twimg.com/profile_banners/24623145/1493763265) no-repeat 50% 50% / cover",
        }
      }
    />
    <div
      className="back-button"
      onClick={[Function]}
    >
      <div
        className="fi-arrow-left"
      />
    </div>
    <div
      className="profile-controls"
    >
      <button
        className="show-banner"
        onMouseEnter={[Function]}
        onMouseLeave={[Function]}
      >
        <div
          className="fi-magnifying-glass"
        />
      </button>
      <button
        className="reply"
        onClick={[Function]}
      >
        <div
          className="fi-comment-quotes"
        />
      </button>
      <button
        className="direct-message"
        onClick={[Function]}
      >
        <div
          className="fi-mail"
        />
      </button>
      <button
        className="menu "
        onClick={[Function]}
      >
        <div
          className="fi-widget"
        />
      </button>
    </div>
    <div
      className="tweet-menu "
    >
      <div
        className="list-item"
        onClick={[Function]}
      >
        <div
          className="list-icon fi-prohibited"
        />
        Block User
      </div>
      <a
        className="list-item"
        href="https://twitter.com/Steve_Dangle"
        target="_blank"
      >
        <div
          className="list-icon fi-link"
        />
        View on Twitter.com
      </a>
    </div>
    <div
      className="user-avatar profile-avatar"
    >
      <img
        alt="Steve_Dangle"
        src="https://pbs.twimg.com/profile_images/859531314323746817/j_UyCCC5_normal.jpg"
      />
    </div>
    <div
      className="profile-verified"
    />
    <span
      className="follow-button"
      onClick={[Function]}
    >
      Follow
    </span>
    <div
      className="profile-details"
    >
      <span
        className="name"
      >
        Steve Dangle Glynn
      </span>
      <span
        className="screen-name"
      >
        @
        Steve_Dangle
      </span>
      <span
        className="description"
      >
        Hockey YouTuber. Blogger at Sportsnet. Steve Dangle Podcast on iTunes. Find me on https://t.co/qJeHmofJLB. Weird career paths are fun. Laugh a little.
      </span>
      <span
        className="location"
      >
        Toronto
      </span>
      <div
        className="stat-contain"
      >
        <span
          className="profile-stat followers"
        >
          102987
           Followers
        </span>
        <span
          className="profile-stat following"
        >
          2680
           Following
        </span>
      </div>
    </div>
    <div
      className="recent-timeline-contain"
    >
      <div
        className="twitter-app "
      >
        <div
          className="profile-parent-contain inactive"
        />
        <div
          className="tweet-details-contain "
        />
        <div
          className="timeline-contain "
        >
          <div
            className="dataLoader "
          />
        </div>
      </div>
    </div>
  </div>
</div>
`;
